// Jest Snapshot v1, https://goo.gl/fbAQLP

exports[`NonfungiblePositionManager #burn gas 1`] = `72196`;

exports[`NonfungiblePositionManager #collect gas transfers both 1`] = `126472`;

exports[`NonfungiblePositionManager #collect gas transfers token0 only 1`] = `117444`;

exports[`NonfungiblePositionManager #collect gas transfers token1 only 1`] = `117651`;

exports[`NonfungiblePositionManager #createAndInitializePoolIfNecessary gas 1`] = `263440`;

exports[`NonfungiblePositionManager #decreaseLiquidity gas complete decrease 1`] = `168281`;

exports[`NonfungiblePositionManager #decreaseLiquidity gas partial decrease 1`] = `188707`;

exports[`NonfungiblePositionManager #increaseLiquidity gas 1`] = `196057`;

exports[`NonfungiblePositionManager #mint gas first mint for pool 1`] = `652280`;

exports[`NonfungiblePositionManager #mint gas first mint for pool using eth with non-zero refund 1`] = `667844`;

exports[`NonfungiblePositionManager #mint gas first mint for pool using eth with zero refund 1`] = `660619`;

exports[`NonfungiblePositionManager #mint gas mint for same pool, different ticks 1`] = `484667`;

exports[`NonfungiblePositionManager #mint gas mint on same ticks 1`] = `380587`;

exports[`NonfungiblePositionManager #permit owned by eoa gas 1`] = `62530`;

exports[`NonfungiblePositionManager #permit owned by verifying contract gas 1`] = `66388`;

exports[`NonfungiblePositionManager #positions gas 1`] = `24477`;

exports[`NonfungiblePositionManager #transferFrom gas 1`] = `109916`;

exports[`NonfungiblePositionManager #transferFrom gas comes from approved 1`] = `108522`;

exports[`NonfungiblePositionManager bytecode size 1`] = `24127`;

exports[`NonfungiblePositionManager multicall exit gas 1`] = `254362`;
