// Jest Snapshot v1, https://goo.gl/fbAQLP

exports[`ElixirRewarder #burn gas 1`] = `69956`;

exports[`ElixirRewarder #collect gas transfers both 1`] = `126472`;

exports[`ElixirRewarder #collect gas transfers token0 only 1`] = `117444`;

exports[`ElixirRewarder #collect gas transfers token1 only 1`] = `117651`;

exports[`ElixirRewarder #createAndInitializePoolIfNecessary gas 1`] = `263440`;

exports[`ElixirRewarder #decreaseLiquidity gas complete decrease 1`] = `168135`;

exports[`ElixirRewarder #decreaseLiquidity gas partial decrease 1`] = `188561`;

exports[`ElixirRewarder #increaseLiquidity gas 1`] = `195911`;

exports[`ElixirRewarder #mint gas first mint for pool 1`] = `631832`;

exports[`ElixirRewarder #mint gas first mint for pool using eth with non-zero refund 1`] = `647396`;

exports[`ElixirRewarder #mint gas first mint for pool using eth with zero refund 1`] = `640171`;

exports[`ElixirRewarder #mint gas mint for same pool, different ticks 1`] = `464219`;

exports[`ElixirRewarder #mint gas mint on same ticks 1`] = `354139`;

exports[`ElixirRewarder #permit owned by eoa gas 1`] = `62530`;

exports[`ElixirRewarder #permit owned by verifying contract gas 1`] = `66388`;

exports[`ElixirRewarder #positions gas 1`] = `24445`;

exports[`ElixirRewarder #transferFrom gas 1`] = `109916`;

exports[`ElixirRewarder #transferFrom gas comes from approved 1`] = `108522`;

exports[`ElixirRewarder bytecode size 1`] = `24568`;

exports[`ElixirRewarder multicall exit gas 1`] = `252005`;
